// Jest Snapshot v1, https://goo.gl/fbAQLP

exports[`Spinner should render successfully 1`] = `
<div
  className="loading"
>
  <div
    className="loading__spinner"
  />
</div>
`;
