// Jest Snapshot v1, https://goo.gl/fbAQLP

exports[`Error should render successfully 1`] = `
<div
  className="list__message"
>
  Error occured
</div>
`;
