// Jest Snapshot v1, https://goo.gl/fbAQLP

exports[`SearchResult should render emtpy on empty results list 1`] = `""`;

exports[`SearchResult should render successfully 1`] = `
<div
  className="searchResult"
>
  <span
    className="searchResult__line"
  >
    5 movies found
  </span>
  <span
    className="searchResult__line"
  >
    Sort by
    <SearchSortByLink
      isActive={true}
      key="release date"
      onClickWithText={[MockFunction]}
      text="release date"
    />
    <SearchSortByLink
      isActive={false}
      key="rating"
      onClickWithText={[MockFunction]}
      text="rating"
    />
  </span>
</div>
`;

exports[`SearchResult should switch the active link according to the selected sort by parameter 1`] = `
<div
  className="searchResult"
>
  <span
    className="searchResult__line"
  >
    5 movies found
  </span>
  <span
    className="searchResult__line"
  >
    Sort by
    <SearchSortByLink
      isActive={false}
      key="release date"
      onClickWithText={[MockFunction]}
      text="release date"
    />
    <SearchSortByLink
      isActive={true}
      key="rating"
      onClickWithText={[MockFunction]}
      text="rating"
    />
  </span>
</div>
`;
